// Jest Snapshot v1, https://goo.gl/fbAQLP

exports[`Pruebas en <Header/> debe mostrar el componente correctamente 1`] = `
<header
  className="header__header"
  role="banner"
>
  <Link
    className="pointer"
    to="/"
  >
    <img
      alt="logo"
      className="header__img"
      src="Logo_ML.png"
    />
  </Link>
  <form
    className="header__group"
    onSubmit={[Function]}
  >
    <input
      className="header__input"
      name="searchText"
      onChange={[Function]}
      placeholder="Nunca dejes de buscar"
      type="text"
      value=""
    />
    <button
      className="btn btn-outline-secondary header__button"
      type="submit"
    >
      <img
        alt="search"
        src="ic_Search.png"
      />
    </button>
  </form>
</header>
`;
