// Jest Snapshot v1, https://goo.gl/fbAQLP

exports[`Pruebas en <ProductPageDescription /> debe mostrar el componente correctamente 1`] = `
<Fragment>
  <div
    className="product__desc"
  >
    <h2>
      Descripci√≥n del producto
    </h2>
    <p
      className="product__desc__text"
    />
  </div>
</Fragment>
`;
