// Jest Snapshot v1, https://goo.gl/fbAQLP

exports[`Pruebas en <ProductPageDetail /> debe mostrar el componente correctamente 1`] = `""`;
